> Task :buildSrc:compileKotlin UP-TO-DATE
> Task :buildSrc:compileJava UP-TO-DATE
> Task :buildSrc:compileGroovy NO-SOURCE
> Task :buildSrc:pluginDescriptors UP-TO-DATE
> Task :buildSrc:processResources UP-TO-DATE
> Task :buildSrc:classes UP-TO-DATE
> Task :buildSrc:inspectClassesForKotlinIC UP-TO-DATE
> Task :buildSrc:jar UP-TO-DATE
> Task :buildSrc:assemble UP-TO-DATE
> Task :buildSrc:compileTestKotlin UP-TO-DATE
> Task :buildSrc:pluginUnderTestMetadata UP-TO-DATE
> Task :buildSrc:compileTestJava UP-TO-DATE
> Task :buildSrc:compileTestGroovy NO-SOURCE
> Task :buildSrc:processTestResources NO-SOURCE
> Task :buildSrc:testClasses UP-TO-DATE
> Task :buildSrc:test UP-TO-DATE
> Task :buildSrc:validatePlugins UP-TO-DATE
> Task :buildSrc:check UP-TO-DATE
> Task :buildSrc:build UP-TO-DATE
> Task :clean

> Task :compileKotlin
w: ATTENTION!
This build uses unsafe internal compiler arguments:

-XXLanguage:+InlineClasses

This mode is not recommended for production use,
as no stability/compatibility guarantees are given on
compiler or generated code. Use it at your own risk!

w: '-Xuse-experimental' is deprecated and will be removed in a future release, please use -opt-in instead
w: /home/users/lz280/IdeaProjects/OSPREY3/src/main/kotlin/edu/duke/cs/osprey/gui/compiler/CompilerProgress.kt: (48, 31): 'sumBy((T) -> Int): Int' is deprecated. Use sumOf instead.
w: /home/users/lz280/IdeaProjects/OSPREY3/src/main/kotlin/edu/duke/cs/osprey/gui/compiler/CompilerProgress.kt: (48, 59): 'sumBy((T) -> Int): Int' is deprecated. Use sumOf instead.
w: /home/users/lz280/IdeaProjects/OSPREY3/src/main/kotlin/edu/duke/cs/osprey/gui/compiler/ConfSpaceCompiler.kt: (54, 45): 'sumBy((T) -> Int): Int' is deprecated. Use sumOf instead.
w: /home/users/lz280/IdeaProjects/OSPREY3/src/main/kotlin/edu/duke/cs/osprey/gui/compiler/ConfSpaceCompiler.kt: (55, 51): 'sumBy((T) -> Int): Int' is deprecated. Use sumOf instead.
w: /home/users/lz280/IdeaProjects/OSPREY3/src/main/kotlin/edu/duke/cs/osprey/gui/compiler/ConfSpaceCompiler.kt: (324, 28): Parameter 'assignments' is never used, could be renamed to _
w: /home/users/lz280/IdeaProjects/OSPREY3/src/main/kotlin/edu/duke/cs/osprey/gui/features/components/ConfPosEditor.kt: (108, 31): 'sumBy((T) -> Int): Int' is deprecated. Use sumOf instead.
w: /home/users/lz280/IdeaProjects/OSPREY3/src/main/kotlin/edu/duke/cs/osprey/gui/features/components/ConfPosEditor.kt: (109, 28): 'sumBy((T) -> Int): Int' is deprecated. Use sumOf instead.
w: /home/users/lz280/IdeaProjects/OSPREY3/src/main/kotlin/edu/duke/cs/osprey/gui/features/components/ConfPosEditor.kt: (314, 36): Parameter 'view' is never used
w: /home/users/lz280/IdeaProjects/OSPREY3/src/main/kotlin/edu/duke/cs/osprey/gui/features/components/DesignPositionEditor.kt: (45, 44): Parameter 'view' is never used
w: /home/users/lz280/IdeaProjects/OSPREY3/src/main/kotlin/edu/duke/cs/osprey/gui/features/components/DesignPositionEditor.kt: (78, 51): Parameter 'view' is never used
w: /home/users/lz280/IdeaProjects/OSPREY3/src/main/kotlin/edu/duke/cs/osprey/gui/features/components/DesignPositionEditor.kt: (319, 28): Parameter 'view' is never used
w: /home/users/lz280/IdeaProjects/OSPREY3/src/main/kotlin/edu/duke/cs/osprey/gui/features/components/DesignPositionEditor.kt: (448, 40): Parameter 'view' is never used, could be renamed to _
w: /home/users/lz280/IdeaProjects/OSPREY3/src/main/kotlin/edu/duke/cs/osprey/gui/features/slide/ClashViewer.kt: (133, 32): 'sumBy((T) -> Int): Int' is deprecated. Use sumOf instead.
w: /home/users/lz280/IdeaProjects/OSPREY3/src/main/kotlin/edu/duke/cs/osprey/gui/features/slide/ClashViewer.kt: (134, 38): 'sumBy((T) -> Int): Int' is deprecated. Use sumOf instead.
w: /home/users/lz280/IdeaProjects/OSPREY3/src/main/kotlin/edu/duke/cs/osprey/gui/features/slide/CompileConfSpace.kt: (198, 50): 'sumBy((T) -> Int): Int' is deprecated. Use sumOf instead.
w: /home/users/lz280/IdeaProjects/OSPREY3/src/main/kotlin/edu/duke/cs/osprey/gui/features/slide/CompileConfSpace.kt: (361, 30): Parameter 'extra' is never used, could be renamed to _
w: /home/users/lz280/IdeaProjects/OSPREY3/src/main/kotlin/edu/duke/cs/osprey/gui/features/slide/ExportMol2.kt: (35, 19): Parameter 'slide' is never used
w: /home/users/lz280/IdeaProjects/OSPREY3/src/main/kotlin/edu/duke/cs/osprey/gui/features/slide/ExportPDB.kt: (35, 19): Parameter 'slide' is never used
w: /home/users/lz280/IdeaProjects/OSPREY3/src/main/kotlin/edu/duke/cs/osprey/gui/features/slide/FilterTool.kt: (138, 30): Parameter 'slide' is never used
w: /home/users/lz280/IdeaProjects/OSPREY3/src/main/kotlin/edu/duke/cs/osprey/gui/features/slide/MutationEditor.kt: (248, 38): Parameter 'view' is never used
w: /home/users/lz280/IdeaProjects/OSPREY3/src/main/kotlin/edu/duke/cs/osprey/gui/features/slide/SaveOMOL.kt: (36, 19): Parameter 'slide' is never used
w: /home/users/lz280/IdeaProjects/OSPREY3/src/main/kotlin/edu/duke/cs/osprey/gui/forcefield/amber/TopIO.kt: (393, 52): Parameter 'atom' is never used, could be renamed to _
w: /home/users/lz280/IdeaProjects/OSPREY3/src/main/kotlin/edu/duke/cs/osprey/gui/forcefield/amber/TopIO.kt: (393, 64): Parameter 'residue' is never used, could be renamed to _
w: /home/users/lz280/IdeaProjects/OSPREY3/src/main/kotlin/edu/duke/cs/osprey/gui/forcefield/amber/molPartitioning.kt: (325, 34): Parameter 'i' is never used, could be renamed to _
w: /home/users/lz280/IdeaProjects/OSPREY3/src/main/kotlin/edu/duke/cs/osprey/gui/forcefield/amber/platform.kt: (37, 18): 'toLowerCase(): String' is deprecated. Use lowercase() instead.
w: /home/users/lz280/IdeaProjects/OSPREY3/src/main/kotlin/edu/duke/cs/osprey/gui/forcefield/amber/platform.kt: (53, 35): 'toLowerCase(): String' is deprecated. Use lowercase() instead.
w: /home/users/lz280/IdeaProjects/OSPREY3/src/main/kotlin/edu/duke/cs/osprey/gui/io/CompiledConfSpace.kt: (74, 5): 'when' is exhaustive so 'else' is redundant here
w: /home/users/lz280/IdeaProjects/OSPREY3/src/main/kotlin/edu/duke/cs/osprey/gui/io/ConfLib.kt: (296, 22): Parameter 'from' is never used, could be renamed to _
w: /home/users/lz280/IdeaProjects/OSPREY3/src/main/kotlin/edu/duke/cs/osprey/gui/io/ConfLib.kt: (496, 48): 'toLowerCase(): String' is deprecated. Use lowercase() instead.
w: /home/users/lz280/IdeaProjects/OSPREY3/src/main/kotlin/edu/duke/cs/osprey/gui/io/MOL2.kt: (98, 52): 'sumBy((T) -> Int): Int' is deprecated. Use sumOf instead.
w: /home/users/lz280/IdeaProjects/OSPREY3/src/main/kotlin/edu/duke/cs/osprey/gui/io/MOL2.kt: (247, 7): 'toUpperCase(): String' is deprecated. Use uppercase() instead.
w: /home/users/lz280/IdeaProjects/OSPREY3/src/main/kotlin/edu/duke/cs/osprey/gui/io/PDB.kt: (216, 44): 'toLowerCase(): String' is deprecated. Use lowercase() instead.
w: /home/users/lz280/IdeaProjects/OSPREY3/src/main/kotlin/edu/duke/cs/osprey/gui/io/PDB.kt: (217, 44): 'toLowerCase(): String' is deprecated. Use lowercase() instead.
w: /home/users/lz280/IdeaProjects/OSPREY3/src/main/kotlin/edu/duke/cs/osprey/gui/io/PDB.kt: (277, 48): 'toUpperCase(): String' is deprecated. Use uppercase() instead.
w: /home/users/lz280/IdeaProjects/OSPREY3/src/main/kotlin/edu/duke/cs/osprey/gui/main.kt: (84, 44): Parameter 'wait' is never used
w: /home/users/lz280/IdeaProjects/OSPREY3/src/main/kotlin/edu/duke/cs/osprey/gui/prep/BondGuesser.kt: (98, 2): Parameter 'guesser' is never used
w: /home/users/lz280/IdeaProjects/OSPREY3/src/main/kotlin/edu/duke/cs/osprey/gui/prep/ConfSpace.kt: (177, 7): 'sumBy((T) -> Int): Int' is deprecated. Use sumOf instead.
w: /home/users/lz280/IdeaProjects/OSPREY3/src/main/kotlin/edu/duke/cs/osprey/gui/view/ProbeView.kt: (70, 5): 'sumBy((T) -> Int): Int' is deprecated. Use sumOf instead.
w: /home/users/lz280/IdeaProjects/OSPREY3/src/main/kotlin/edu/duke/cs/osprey/gui/view/ProbeView.kt: (70, 40): 'sumBy((T) -> Int): Int' is deprecated. Use sumOf instead.
w: /home/users/lz280/IdeaProjects/OSPREY3/src/main/kotlin/edu/duke/cs/osprey/gui/view/ProbeView.kt: (110, 5): 'sumBy((T) -> Int): Int' is deprecated. Use sumOf instead.
w: /home/users/lz280/IdeaProjects/OSPREY3/src/main/kotlin/edu/duke/cs/osprey/gui/view/ProbeView.kt: (110, 43): 'sumBy((T) -> Int): Int' is deprecated. Use sumOf instead.
w: /home/users/lz280/IdeaProjects/OSPREY3/src/main/kotlin/edu/duke/cs/osprey/molscope/gui/features/FeatureId.kt: (6, 35): 'toLowerCase(): String' is deprecated. Use lowercase() instead.
w: /home/users/lz280/IdeaProjects/OSPREY3/src/main/kotlin/edu/duke/cs/osprey/molscope/gui/features/slide/CameraTool.kt: (173, 19): Parameter 'slide' is never used
w: /home/users/lz280/IdeaProjects/OSPREY3/src/main/kotlin/edu/duke/cs/osprey/molscope/molecule/Element.kt: (113, 25): 'toLowerCase(): String' is deprecated. Use lowercase() instead.
w: /home/users/lz280/IdeaProjects/OSPREY3/src/main/kotlin/edu/duke/cs/osprey/molscope/molecule/Element.kt: (118, 20): 'toLowerCase(): String' is deprecated. Use lowercase() instead.
w: /home/users/lz280/IdeaProjects/OSPREY3/src/main/kotlin/edu/duke/cs/osprey/molscope/molecule/Molecule.kt: (155, 34): 'sumBy((T) -> Int): Int' is deprecated. Use sumOf instead.
w: /home/users/lz280/IdeaProjects/OSPREY3/src/main/kotlin/edu/duke/cs/osprey/molscope/molecule/MoleculeSelection.kt: (10, 33): Parameter 'mol' is never used, could be renamed to _
w: /home/users/lz280/IdeaProjects/OSPREY3/src/main/kotlin/edu/duke/cs/osprey/molscope/molecule/MoleculeSelection.kt: (29, 28): 'toUpperCase(): String' is deprecated. Use uppercase() instead.
w: /home/users/lz280/IdeaProjects/OSPREY3/src/main/kotlin/edu/duke/cs/osprey/molscope/render/AmbientOcclusion.kt: (259, 40): 'sumBy((T) -> Int): Int' is deprecated. Use sumOf instead.
w: /home/users/lz280/IdeaProjects/OSPREY3/src/main/kotlin/edu/duke/cs/osprey/molscope/render/AmbientOcclusion.kt: (281, 44): 'sumBy((T) -> Int): Int' is deprecated. Use sumOf instead.
w: /home/users/lz280/IdeaProjects/OSPREY3/src/main/kotlin/edu/duke/cs/osprey/service/services/about.kt: (20, 10): Parameter 'instance' is never used

> Task :compileJava
warning: using incubating module(s): jdk.incubator.foreign
warning: using incubating module(s): jdk.incubator.foreign
warning: using incubating module(s): jdk.incubator.foreign
warning: using incubating module(s): jdk.incubator.foreign
/home/users/lz280/IdeaProjects/OSPREY3/src/main/java/edu/duke/cs/osprey/energy/forcefield/EEF1.java:110: warning: [removal] Double(String) in Double has been deprecated and marked for removal
				atEEF1Vol[tmpInt] = (new Double(StringParsing.getToken(curLine,3))).doubleValue();
				                     ^
/home/users/lz280/IdeaProjects/OSPREY3/src/main/java/edu/duke/cs/osprey/energy/forcefield/EEF1.java:111: warning: [removal] Double(String) in Double has been deprecated and marked for removal
				dGiRef[tmpInt] = (new Double(StringParsing.getToken(curLine,4))).doubleValue();
				                  ^
/home/users/lz280/IdeaProjects/OSPREY3/src/main/java/edu/duke/cs/osprey/energy/forcefield/EEF1.java:112: warning: [removal] Double(String) in Double has been deprecated and marked for removal
				dGiFree[tmpInt] = (new Double(StringParsing.getToken(curLine,5))).doubleValue();
				                   ^
/home/users/lz280/IdeaProjects/OSPREY3/src/main/java/edu/duke/cs/osprey/energy/forcefield/EEF1.java:113: warning: [removal] Double(String) in Double has been deprecated and marked for removal
				dHiRef[tmpInt] = (new Double(StringParsing.getToken(curLine,6))).doubleValue();
				                  ^
/home/users/lz280/IdeaProjects/OSPREY3/src/main/java/edu/duke/cs/osprey/energy/forcefield/EEF1.java:114: warning: [removal] Double(String) in Double has been deprecated and marked for removal
				dCpiRef[tmpInt] = (new Double(StringParsing.getToken(curLine,7))).doubleValue();
				                   ^
/home/users/lz280/IdeaProjects/OSPREY3/src/main/java/edu/duke/cs/osprey/energy/forcefield/EEF1.java:115: warning: [removal] Double(String) in Double has been deprecated and marked for removal
				lambdai[tmpInt] = (new Double(StringParsing.getToken(curLine,8))).doubleValue();
				                   ^
/home/users/lz280/IdeaProjects/OSPREY3/src/main/java/edu/duke/cs/osprey/energy/forcefield/EEF1.java:116: warning: [removal] Double(String) in Double has been deprecated and marked for removal
				vdWri[tmpInt] = (new Double(StringParsing.getToken(curLine,9))).doubleValue();
				                 ^
/home/users/lz280/IdeaProjects/OSPREY3/src/main/java/edu/duke/cs/osprey/ematrix/EnergyMatrixCalculator.java:239: warning: [removal] Integer(int) in Integer has been deprecated and marked for removal
				Integer[] pos = new Integer[res.length]; for(int i = 0; i < pos.length; ++i) pos[i] = new Integer(res[i]);
				                                                                                      ^
/home/users/lz280/IdeaProjects/OSPREY3/src/main/java/edu/duke/cs/osprey/ematrix/TermECalculator.java:240: warning: [removal] Integer(int) in Integer has been deprecated and marked for removal
			resElements[depth] = new Integer(res[depth]);
			                     ^
/home/users/lz280/IdeaProjects/OSPREY3/src/main/java/edu/duke/cs/osprey/restypes/TemplateCoordsParser.java:157: warning: [removal] Double(String) in Double has been deprecated and marked for removal
				coords[dim] = new Double(StringParsing.getToken(line,dim+2));
				              ^
Note: Some input files use or override a deprecated API.
Note: Recompile with -Xlint:deprecation for details.
Note: Some input files use unchecked or unsafe operations.
Note: Recompile with -Xlint:unchecked for details.
14 warnings

> Task :processResources
> Task :classes

> Task :compileTestKotlin
w: ATTENTION!
This build uses unsafe internal compiler arguments:

-XXLanguage:+InlineClasses

This mode is not recommended for production use,
as no stability/compatibility guarantees are given on
compiler or generated code. Use it at your own risk!

w: '-Xuse-experimental' is deprecated and will be removed in a future release, please use -opt-in instead
w: /home/users/lz280/IdeaProjects/OSPREY3/src/test/kotlin/edu/duke/cs/osprey/gui/forcefield/amber/TestParams.kt: (20, 20): 'toLowerCase(): String' is deprecated. Use lowercase() instead.
w: /home/users/lz280/IdeaProjects/OSPREY3/src/test/kotlin/edu/duke/cs/osprey/gui/forcefield/amber/TestParams.kt: (20, 42): 'toLowerCase(): String' is deprecated. Use lowercase() instead.
w: /home/users/lz280/IdeaProjects/OSPREY3/src/test/kotlin/edu/duke/cs/osprey/gui/forcefield/amber/TestPolymerPartitioning.kt: (97, 12): 'shouldBeTypeOf((T) -> Unit = ...): T' is deprecated. Use the smart contract version: a.shouldBeTypeOf<B>(); a.bMethod(). Deprecated since 4.5.
w: /home/users/lz280/IdeaProjects/OSPREY3/src/test/kotlin/edu/duke/cs/osprey/gui/io/TestCompiledAtomPairs.kt: (75, 11): 'invoke(Boolean, String, String): MatcherResult' is deprecated. Prefer the version that accepts functions - this avoids eager creation of messages. This was deprecated in 5.0.
w: /home/users/lz280/IdeaProjects/OSPREY3/src/test/kotlin/edu/duke/cs/osprey/gui/io/TestCompiledAtomPairs.kt: (195, 11): 'invoke(Boolean, String, String): MatcherResult' is deprecated. Prefer the version that accepts functions - this avoids eager creation of messages. This was deprecated in 5.0.
w: /home/users/lz280/IdeaProjects/OSPREY3/src/test/kotlin/edu/duke/cs/osprey/gui/io/TestCompiledAtomPairs.kt: (217, 11): 'invoke(Boolean, String, String): MatcherResult' is deprecated. Prefer the version that accepts functions - this avoids eager creation of messages. This was deprecated in 5.0.
w: /home/users/lz280/IdeaProjects/OSPREY3/src/test/kotlin/edu/duke/cs/osprey/gui/io/TestConfLib.kt: (61, 15): 'shouldBeTypeOf((T) -> Unit = ...): T' is deprecated. Use the smart contract version: a.shouldBeTypeOf<B>(); a.bMethod(). Deprecated since 4.5.
w: /home/users/lz280/IdeaProjects/OSPREY3/src/test/kotlin/edu/duke/cs/osprey/gui/io/TestConfLib.kt: (63, 14): 'shouldBeTypeOf((T) -> Unit = ...): T' is deprecated. Use the smart contract version: a.shouldBeTypeOf<B>(); a.bMethod(). Deprecated since 4.5.
w: /home/users/lz280/IdeaProjects/OSPREY3/src/test/kotlin/edu/duke/cs/osprey/gui/io/TestConfLib.kt: (67, 14): 'shouldBeTypeOf((T) -> Unit = ...): T' is deprecated. Use the smart contract version: a.shouldBeTypeOf<B>(); a.bMethod(). Deprecated since 4.5.
w: /home/users/lz280/IdeaProjects/OSPREY3/src/test/kotlin/edu/duke/cs/osprey/gui/io/TestConfLib.kt: (71, 14): 'shouldBeTypeOf((T) -> Unit = ...): T' is deprecated. Use the smart contract version: a.shouldBeTypeOf<B>(); a.bMethod(). Deprecated since 4.5.
w: /home/users/lz280/IdeaProjects/OSPREY3/src/test/kotlin/edu/duke/cs/osprey/gui/io/TestConfLib.kt: (74, 14): 'shouldBeTypeOf((T) -> Unit = ...): T' is deprecated. Use the smart contract version: a.shouldBeTypeOf<B>(); a.bMethod(). Deprecated since 4.5.
w: /home/users/lz280/IdeaProjects/OSPREY3/src/test/kotlin/edu/duke/cs/osprey/gui/io/TestConfLib.kt: (86, 37): 'shouldBeTypeOf((T) -> Unit = ...): T' is deprecated. Use the smart contract version: a.shouldBeTypeOf<B>(); a.bMethod(). Deprecated since 4.5.
w: /home/users/lz280/IdeaProjects/OSPREY3/src/test/kotlin/edu/duke/cs/osprey/gui/io/TestConfLib.kt: (89, 36): 'shouldBeTypeOf((T) -> Unit = ...): T' is deprecated. Use the smart contract version: a.shouldBeTypeOf<B>(); a.bMethod(). Deprecated since 4.5.
w: /home/users/lz280/IdeaProjects/OSPREY3/src/test/kotlin/edu/duke/cs/osprey/gui/io/TestConfLib.kt: (143, 35): 'shouldBeTypeOf((T) -> Unit = ...): T' is deprecated. Use the smart contract version: a.shouldBeTypeOf<B>(); a.bMethod(). Deprecated since 4.5.
w: /home/users/lz280/IdeaProjects/OSPREY3/src/test/kotlin/edu/duke/cs/osprey/gui/io/TestConfLib.kt: (224, 8): Variable 'toml' is never used
w: /home/users/lz280/IdeaProjects/OSPREY3/src/test/kotlin/edu/duke/cs/osprey/gui/io/TestConfSpaceCompiler.kt: (182, 5): 'sumBy((T) -> Int): Int' is deprecated. Use sumOf instead.
w: /home/users/lz280/IdeaProjects/OSPREY3/src/test/kotlin/edu/duke/cs/osprey/gui/io/TestConfSpaceCompiler.kt: (183, 16): 'sumBy((T) -> Int): Int' is deprecated. Use sumOf instead.
w: /home/users/lz280/IdeaProjects/OSPREY3/src/test/kotlin/edu/duke/cs/osprey/gui/io/TestConfSpaceCompiler.kt: (185, 23): 'sumBy((T) -> Int): Int' is deprecated. Use sumOf instead.
w: /home/users/lz280/IdeaProjects/OSPREY3/src/test/kotlin/edu/duke/cs/osprey/gui/io/TestConfSpaceCompiler.kt: (229, 46): 'sumBy((T) -> Int): Int' is deprecated. Use sumOf instead.
w: /home/users/lz280/IdeaProjects/OSPREY3/src/test/kotlin/edu/duke/cs/osprey/gui/io/TestConfSpaceCompiler.kt: (230, 21): 'sumBy((T) -> Int): Int' is deprecated. Use sumOf instead.
w: /home/users/lz280/IdeaProjects/OSPREY3/src/test/kotlin/edu/duke/cs/osprey/gui/io/TestConfSpaceCompiler.kt: (258, 47): 'sumBy((T) -> Int): Int' is deprecated. Use sumOf instead.
w: /home/users/lz280/IdeaProjects/OSPREY3/src/test/kotlin/edu/duke/cs/osprey/gui/io/TestConfSpaceCompiler.kt: (259, 22): 'sumBy((T) -> Int): Int' is deprecated. Use sumOf instead.
w: /home/users/lz280/IdeaProjects/OSPREY3/src/test/kotlin/edu/duke/cs/osprey/gui/io/TestConfSpaceCompiler.kt: (427, 14): 'shouldBeTypeOf((T) -> Unit = ...): T' is deprecated. Use the smart contract version: a.shouldBeTypeOf<B>(); a.bMethod(). Deprecated since 4.5.
w: /home/users/lz280/IdeaProjects/OSPREY3/src/test/kotlin/edu/duke/cs/osprey/gui/io/TestConfSpaceCompiler.kt: (448, 15): 'shouldBeTypeOf((T) -> Unit = ...): T' is deprecated. Use the smart contract version: a.shouldBeTypeOf<B>(); a.bMethod(). Deprecated since 4.5.
w: /home/users/lz280/IdeaProjects/OSPREY3/src/test/kotlin/edu/duke/cs/osprey/gui/io/TestConfSpaceCompiler.kt: (471, 15): 'shouldBeTypeOf((T) -> Unit = ...): T' is deprecated. Use the smart contract version: a.shouldBeTypeOf<B>(); a.bMethod(). Deprecated since 4.5.
w: /home/users/lz280/IdeaProjects/OSPREY3/src/test/kotlin/edu/duke/cs/osprey/gui/io/TestConfSpaceCompiler.kt: (493, 15): 'shouldBeTypeOf((T) -> Unit = ...): T' is deprecated. Use the smart contract version: a.shouldBeTypeOf<B>(); a.bMethod(). Deprecated since 4.5.
w: /home/users/lz280/IdeaProjects/OSPREY3/src/test/kotlin/edu/duke/cs/osprey/gui/io/TestConfSpaceCompiler.kt: (535, 14): 'shouldBeTypeOf((T) -> Unit = ...): T' is deprecated. Use the smart contract version: a.shouldBeTypeOf<B>(); a.bMethod(). Deprecated since 4.5.
w: /home/users/lz280/IdeaProjects/OSPREY3/src/test/kotlin/edu/duke/cs/osprey/gui/io/TestConfSpaceCompiler.kt: (573, 15): 'shouldBeTypeOf((T) -> Unit = ...): T' is deprecated. Use the smart contract version: a.shouldBeTypeOf<B>(); a.bMethod(). Deprecated since 4.5.
w: /home/users/lz280/IdeaProjects/OSPREY3/src/test/kotlin/edu/duke/cs/osprey/gui/io/TestMolIO.kt: (282, 6): 'shouldBeInstanceOf((T) -> Unit = ...): T' is deprecated. Use the smart contract version: a.shouldBeInstanceOf<B>(); a.bMethod(). Deprecated since 4.5.
w: /home/users/lz280/IdeaProjects/OSPREY3/src/test/kotlin/edu/duke/cs/osprey/gui/io/TestMolIO.kt: (318, 6): 'shouldBeInstanceOf((T) -> Unit = ...): T' is deprecated. Use the smart contract version: a.shouldBeInstanceOf<B>(); a.bMethod(). Deprecated since 4.5.
w: /home/users/lz280/IdeaProjects/OSPREY3/src/test/kotlin/edu/duke/cs/osprey/gui/matchers.kt: (11, 3): 'invoke(Boolean, String, String): MatcherResult' is deprecated. Prefer the version that accepts functions - this avoids eager creation of messages. This was deprecated in 5.0.
w: /home/users/lz280/IdeaProjects/OSPREY3/src/test/kotlin/edu/duke/cs/osprey/gui/matchers.kt: (20, 3): 'invoke(Boolean, String, String): MatcherResult' is deprecated. Prefer the version that accepts functions - this avoids eager creation of messages. This was deprecated in 5.0.
w: /home/users/lz280/IdeaProjects/OSPREY3/src/test/kotlin/edu/duke/cs/osprey/gui/matchers.kt: (40, 4): 'invoke(Boolean, String, String): MatcherResult' is deprecated. Prefer the version that accepts functions - this avoids eager creation of messages. This was deprecated in 5.0.
w: /home/users/lz280/IdeaProjects/OSPREY3/src/test/kotlin/edu/duke/cs/osprey/gui/matchers.kt: (63, 4): 'invoke(Boolean, String, String): MatcherResult' is deprecated. Prefer the version that accepts functions - this avoids eager creation of messages. This was deprecated in 5.0.
w: /home/users/lz280/IdeaProjects/OSPREY3/src/test/kotlin/edu/duke/cs/osprey/gui/prep/ForcefieldAnalyzerLab.kt: (15, 6): Variable 'bptpase' is never used
w: /home/users/lz280/IdeaProjects/OSPREY3/src/test/kotlin/edu/duke/cs/osprey/gui/prep/TestMutation.kt: (142, 16): 'shouldBeTypeOf((T) -> Unit = ...): T' is deprecated. Use the smart contract version: a.shouldBeTypeOf<B>(); a.bMethod(). Deprecated since 4.5.
w: /home/users/lz280/IdeaProjects/OSPREY3/src/test/kotlin/edu/duke/cs/osprey/gui/prep/TestMutation.kt: (146, 17): 'shouldBeTypeOf((T) -> Unit = ...): T' is deprecated. Use the smart contract version: a.shouldBeTypeOf<B>(); a.bMethod(). Deprecated since 4.5.
w: /home/users/lz280/IdeaProjects/OSPREY3/src/test/kotlin/edu/duke/cs/osprey/gui/prep/TestMutation.kt: (151, 15): 'shouldBeTypeOf((T) -> Unit = ...): T' is deprecated. Use the smart contract version: a.shouldBeTypeOf<B>(); a.bMethod(). Deprecated since 4.5.
w: /home/users/lz280/IdeaProjects/OSPREY3/src/test/kotlin/edu/duke/cs/osprey/gui/prep/TestMutation.kt: (155, 16): 'shouldBeTypeOf((T) -> Unit = ...): T' is deprecated. Use the smart contract version: a.shouldBeTypeOf<B>(); a.bMethod(). Deprecated since 4.5.
w: /home/users/lz280/IdeaProjects/OSPREY3/src/test/kotlin/edu/duke/cs/osprey/gui/prep/TestMutation.kt: (166, 16): 'shouldBeTypeOf((T) -> Unit = ...): T' is deprecated. Use the smart contract version: a.shouldBeTypeOf<B>(); a.bMethod(). Deprecated since 4.5.
w: /home/users/lz280/IdeaProjects/OSPREY3/src/test/kotlin/edu/duke/cs/osprey/gui/prep/TestMutation.kt: (170, 17): 'shouldBeTypeOf((T) -> Unit = ...): T' is deprecated. Use the smart contract version: a.shouldBeTypeOf<B>(); a.bMethod(). Deprecated since 4.5.
w: /home/users/lz280/IdeaProjects/OSPREY3/src/test/kotlin/edu/duke/cs/osprey/gui/prep/TestMutation.kt: (181, 14): 'shouldBeTypeOf((T) -> Unit = ...): T' is deprecated. Use the smart contract version: a.shouldBeTypeOf<B>(); a.bMethod(). Deprecated since 4.5.
w: /home/users/lz280/IdeaProjects/OSPREY3/src/test/kotlin/edu/duke/cs/osprey/gui/prep/TestMutation.kt: (186, 15): 'shouldBeTypeOf((T) -> Unit = ...): T' is deprecated. Use the smart contract version: a.shouldBeTypeOf<B>(); a.bMethod(). Deprecated since 4.5.
w: /home/users/lz280/IdeaProjects/OSPREY3/src/test/kotlin/edu/duke/cs/osprey/gui/prep/TestMutation.kt: (529, 13): 'shouldBeTypeOf((T) -> Unit = ...): T' is deprecated. Use the smart contract version: a.shouldBeTypeOf<B>(); a.bMethod(). Deprecated since 4.5.
w: /home/users/lz280/IdeaProjects/OSPREY3/src/test/kotlin/edu/duke/cs/osprey/gui/prep/TestMutation.kt: (530, 38): 'shouldBeTypeOf((T) -> Unit = ...): T' is deprecated. Use the smart contract version: a.shouldBeTypeOf<B>(); a.bMethod(). Deprecated since 4.5.
w: /home/users/lz280/IdeaProjects/OSPREY3/src/test/kotlin/edu/duke/cs/osprey/gui/prep/TestMutation.kt: (637, 9): Variable 'res' is never used
w: /home/users/lz280/IdeaProjects/OSPREY3/src/test/kotlin/edu/duke/cs/osprey/molscope/molecule/TestMoleculeCombine.kt: (167, 7): Variable 'srcRes1' is never used
w: /home/users/lz280/IdeaProjects/OSPREY3/src/test/kotlin/edu/duke/cs/osprey/molscope/molecule/TestMoleculeCombine.kt: (174, 7): Variable 'srcRes2' is never used
w: /home/users/lz280/IdeaProjects/OSPREY3/src/test/kotlin/edu/duke/cs/osprey/molscope/molecule/TestMoleculeCombine.kt: (188, 7): Variable 'srcRes1' is never used
w: /home/users/lz280/IdeaProjects/OSPREY3/src/test/kotlin/edu/duke/cs/osprey/molscope/molecule/TestMoleculeCombine.kt: (195, 7): Variable 'srcRes2' is never used
w: /home/users/lz280/IdeaProjects/OSPREY3/src/test/kotlin/edu/duke/cs/osprey/molscope/molecule/TestMoleculeCombine.kt: (201, 18): Variable 'atomMap' is never used
w: /home/users/lz280/IdeaProjects/OSPREY3/src/test/kotlin/edu/duke/cs/osprey/molscope/molecule/TestMoleculeCombine.kt: (218, 7): Variable 'srcRes2' is never used
w: /home/users/lz280/IdeaProjects/OSPREY3/src/test/kotlin/edu/duke/cs/osprey/molscope/molecule/TestMoleculeCombine.kt: (220, 18): Variable 'atomMap' is never used
w: /home/users/lz280/IdeaProjects/OSPREY3/src/test/kotlin/edu/duke/cs/osprey/molscope/molecule/TestMoleculeCombine.kt: (226, 13): 'sumBy((T) -> Int): Int' is deprecated. Use sumOf instead.
w: /home/users/lz280/IdeaProjects/OSPREY3/src/test/kotlin/edu/duke/cs/osprey/molscope/molecule/TestMoleculeCombine.kt: (243, 7): Variable 'srcRes2' is never used
w: /home/users/lz280/IdeaProjects/OSPREY3/src/test/kotlin/edu/duke/cs/osprey/molscope/molecule/TestMoleculeCombine.kt: (256, 18): Variable 'atomMap' is never used
w: /home/users/lz280/IdeaProjects/OSPREY3/src/test/kotlin/edu/duke/cs/osprey/molscope/molecule/TestMoleculeCombine.kt: (262, 13): 'sumBy((T) -> Int): Int' is deprecated. Use sumOf instead.
w: /home/users/lz280/IdeaProjects/OSPREY3/src/test/kotlin/edu/duke/cs/osprey/molscope/molecule/TestMoleculeHashEquals.kt: (79, 7): Variable 'a3' is never used

> Task :compileTestJava
warning: using incubating module(s): jdk.incubator.foreign
Note: Some input files use or override a deprecated API.
Note: Recompile with -Xlint:deprecation for details.
Note: Some input files use unchecked or unsafe operations.
Note: Recompile with -Xlint:unchecked for details.
1 warning

> Task :processTestResources
> Task :testClasses

> Task :test
WARNING: Using incubator modules: jdk.incubator.foreign

TestMARKStarVsKStarPartitionFunction > testSmallSystem3Flex() PASSED

Deprecated Gradle features were used in this build, making it incompatible with Gradle 8.0.

You can use '--warning-mode all' to show the individual deprecation warnings and determine if they come from your own scripts or plugins.

See https://docs.gradle.org/7.3/userguide/command_line_interface.html#sec:command_line_warnings

BUILD SUCCESSFUL in 1m 13s
19 actionable tasks: 8 executed, 11 up-to-date
